============================= test session starts ==============================
platform darwin -- Python 3.12.13, pytest-9.1.1, pluggy-1.6.0
rootdir: /Users/suzukiyousuke/repo/glintory
configfile: pyproject.toml
plugins: anyio-4.14.1, asyncio-1.4.0
asyncio: mode=Mode.STRICT, debug=False, asyncio_default_fixture_loop_scope=None, asyncio_default_test_loop_scope=function
collected 426 items

tests/cli/test_cli.py .................................                  [  7%]
tests/cli/test_scheduler_cli.py .....                                    [  8%]
tests/collectors/test_github.py ..............                           [ 12%]
tests/collectors/test_hackernews.py .......                              [ 13%]
tests/collectors/test_registry.py .....                                  [ 15%]
tests/collectors/test_rss.py .........                                   [ 17%]
tests/infrastructure/test_error_sanitizer.py .......                     [ 18%]
tests/infrastructure/test_fts.py ..                                      [ 19%]
tests/infrastructure/test_http.py ...............                        [ 22%]
tests/infrastructure/test_repositories.py ..........                     [ 25%]
tests/infrastructure/test_scheduler_lease.py ..                          [ 25%]
tests/infrastructure/test_signal_repository.py ......                    [ 26%]
tests/infrastructure/test_signal_search.py ...                           [ 27%]
tests/integration/test_fts_integration.py .                              [ 27%]
tests/integration/test_github_integration.py ...                         [ 28%]
tests/integration/test_hn_persistence.py ..                              [ 29%]
tests/integration/test_main.py ...                                       [ 29%]
tests/integration/test_rss_persistence.py .....                          [ 30%]
tests/services/test_collection.py ...................                    [ 35%]
tests/services/test_collection_recovery.py ..                            [ 35%]
tests/services/test_conformance.py ......                                [ 37%]
tests/services/test_content_hashing.py ..                                [ 37%]
tests/services/test_hn_classification.py ..                              [ 38%]
tests/services/test_hn_normalization.py ..                               [ 38%]
tests/services/test_html_to_text.py ..........                           [ 41%]
tests/services/test_issue11_correctness.py .....................         [ 46%]
tests/services/test_issue9c.py ......................................... [ 55%]
...................                                                      [ 60%]
tests/services/test_json_safety.py .....                                 [ 61%]
tests/services/test_normalization.py ...                                 [ 61%]
tests/services/test_nplusone.py .                                        [ 62%]
tests/services/test_opportunity_clustering.py ....                       [ 63%]
tests/services/test_opportunity_enrichment.py .............              [ 66%]
tests/services/test_opportunity_review.py .......                        [ 67%]
tests/services/test_opportunity_scoring.py ...                           [ 68%]
tests/services/test_schedule_calculation.py ....                         [ 69%]
tests/services/test_schedule_management.py ...                           [ 70%]
tests/services/test_scheduler_runner.py ...                              [ 70%]
tests/services/test_scheduler_service.py ......                          [ 72%]
tests/services/test_search_query.py .......                              [ 73%]
tests/services/test_signal_classification.py ........                    [ 75%]
tests/services/test_signal_ingestion.py .....                            [ 76%]
tests/services/test_text_normalization.py .....                          [ 78%]
tests/services/test_url_normalization.py .............                   [ 81%]
tests/test_config.py ..                                                  [ 81%]
tests/test_constraints.py ............                                   [ 84%]
tests/test_entrypoint.py ...                                             [ 85%]
tests/test_migration.py .                                                [ 85%]
tests/test_migration_ops.py ...                                          [ 86%]
tests/test_public_contract.py .........................                  [ 92%]
tests/test_readiness.py ..                                               [ 92%]
tests/web/test_api_signals.py ...                                        [ 93%]
tests/web/test_forms_csrf.py ......                                      [ 94%]
tests/web/test_opportunities_web.py .......                              [ 96%]
tests/web/test_routes_signals.py .....                                   [ 97%]
tests/web/test_scheduler_web.py ...                                      [ 98%]
tests/web/test_sources_web.py ........                                   [100%]

======================== 426 passed in 84.11s (0:01:24) ========================
